2026-09-09 11:33:15 [INFO] ==========================================================
2026-09-09 11:33:15 [INFO] === INICIO DE EJECUCIÓN DEL PIPELINE ETL ===
2026-09-09 11:33:15 [INFO] 1. [Ingesta] Extrayendo datos desde: 'data/raw/earthquakes_chile.csv'
2026-09-09 11:33:15 [INFO]    [Ingesta] Registros iniciales leídos: 4018
2026-09-09 11:33:15 [INFO] 2. [Transformación] Estandarizando variables y aplicando controles de calidad...
2026-09-09 11:33:15 [INFO]    [Calidad de Datos] Nulos eliminados: 0
2026-09-09 11:33:15 [INFO]    [Calidad de Datos] Duplicados eliminados: 3
2026-09-09 11:33:15 [INFO]    [Calidad de Datos] Registros totales descartados: 17
2026-09-09 11:33:15 [INFO]    [Calidad de Datos] Registros válidos procesados: 4001
2026-09-09 11:33:15 [INFO] 3. [Carga] Exportando repositorio analítico hacia: 'data/processed/sismos_analitico.db'
2026-09-09 11:33:15 [INFO]    [Carga - Idempotencia] Tabla 'sismos' creada en 'sismos_analitico.db' con reescritura segura ('if_exists=replace').
2026-09-09 11:33:15 [INFO] === ETL COMPLETADO CON ÉXITO: Base de datos 'sismos_analitico.db' y archivo de auditoría actualizados. ===
2026-09-09 11:33:15 [INFO] ==========================================================

2026-09-09 11:34:20 [INFO] ==========================================================
2026-09-09 11:34:20 [INFO] === INICIO DE EJECUCIÓN DEL PIPELINE ETL ===
2026-09-09 11:34:20 [INFO] 1. [Ingesta] Extrayendo datos desde: 'data/raw/earthquakes_chile.csv'
2026-09-09 11:34:20 [INFO]    [Ingesta] Registros iniciales leídos: 4018
2026-09-09 11:34:20 [INFO] 2. [Transformación] Estandarizando variables y aplicando controles de calidad...
2026-09-09 11:34:20 [INFO]    [Calidad de Datos] Nulos eliminados: 0
2026-09-09 11:34:20 [INFO]    [Calidad de Datos] Duplicados eliminados: 3
2026-09-09 11:34:20 [INFO]    [Calidad de Datos] Registros totales descartados: 17
2026-09-09 11:34:20 [INFO]    [Calidad de Datos] Registros válidos procesados: 4001
2026-09-09 11:34:20 [INFO] 3. [Carga] Exportando repositorio analítico hacia: 'data/processed/sismos_analitico.db'
2026-09-09 11:34:20 [INFO]    [Carga - Idempotencia] Tabla 'sismos' actualizada en 'sismos_analitico.db' con reescritura segura ('if_exists=replace').
2026-09-09 11:34:20 [INFO] === ETL COMPLETADO CON ÉXITO: Base de datos 'sismos_analitico.db' y archivo de auditoría actualizados. ===
2026-09-09 11:34:20 [INFO] ==========================================================

2026-09-09 21:07:44 [INFO] ==========================================================
2026-09-09 21:07:44 [INFO] === INICIO DE EJECUCIÓN DEL PIPELINE ETL ===
2026-09-09 21:07:44 [INFO] 1. [Ingesta] Extrayendo datos desde: 'data/raw/earthquakes_chile.csv'
2026-09-09 21:07:44 [INFO]    [Ingesta] Registros iniciales leídos: 4018
2026-09-09 21:07:44 [INFO] 2. [Transformación] Estandarizando variables y aplicando controles de calidad...
2026-09-09 21:07:44 [INFO]    [Calidad de Datos] Nulos eliminados: 0
2026-09-09 21:07:44 [INFO]    [Calidad de Datos] Duplicados eliminados: 3
2026-09-09 21:07:44 [INFO]    [Calidad de Datos] Registros totales descartados: 17
2026-09-09 21:07:44 [INFO]    [Calidad de Datos] Registros válidos procesados: 4001
2026-09-09 21:07:44 [INFO] 3. [Carga] Exportando repositorio analítico hacia: 'data/processed/sismos_analitico.db'
2026-09-09 21:07:44 [INFO]    [Carga - Idempotencia] Tabla 'sismos' actualizada en 'sismos_analitico.db' con reescritura segura ('if_exists=replace').
2026-09-09 21:07:44 [INFO] === ETL COMPLETADO CON ÉXITO: Base de datos 'sismos_analitico.db' y archivo de auditoría actualizados. ===
2026-09-09 21:07:44 [INFO] ==========================================================

2026-09-09 22:57:02 [INFO] ==========================================================
2026-09-09 22:57:02 [INFO] === INICIO DE EJECUCIÓN DEL PIPELINE ETL ===
2026-09-09 22:57:02 [INFO] 1. [Ingesta] Extrayendo datos desde: 'data/raw/earthquakes_chile.csv'
2026-09-09 22:57:02 [INFO]    [Ingesta] Registros iniciales leídos: 4018
2026-09-09 22:57:02 [INFO] 2. [Transformación] Estandarizando variables y aplicando controles de calidad...
2026-09-09 22:57:02 [INFO]    [Calidad de Datos] Nulos eliminados: 0
2026-09-09 22:57:02 [INFO]    [Calidad de Datos] Duplicados eliminados: 3
2026-09-09 22:57:02 [INFO]    [Calidad de Datos] Registros totales descartados: 17
2026-09-09 22:57:02 [INFO]    [Calidad de Datos] Registros válidos procesados: 4001
2026-09-09 22:57:02 [INFO] 3. [Carga] Exportando repositorio analítico hacia: 'data/processed/sismos_analitico.db'
2026-09-09 22:57:02 [INFO]    [Carga - Idempotencia] Tabla 'sismos' actualizada en 'sismos_analitico.db' con reescritura segura ('if_exists=replace').
2026-09-09 22:57:02 [INFO] === ETL COMPLETADO CON ÉXITO: Base de datos 'sismos_analitico.db' y archivo de auditoría actualizados. ===
2026-09-09 22:57:02 [INFO] ==========================================================

2026-09-10 07:18:49 [INFO] ==========================================================
2026-09-10 07:18:49 [INFO] === INICIO DE EJECUCIÓN DEL PIPELINE ETL ===
2026-09-10 07:18:49 [INFO] 1. [Ingesta] Extrayendo datos desde: 'data/raw/earthquakes_chile.csv'
2026-09-10 07:18:49 [INFO]    [Ingesta] Registros iniciales leídos: 4018
2026-09-10 07:18:49 [INFO] 2. [Transformación] Estandarizando variables y aplicando controles de calidad...
2026-09-10 07:18:49 [INFO]    [Calidad de Datos] Nulos eliminados: 0
2026-09-10 07:18:49 [INFO]    [Calidad de Datos] Duplicados eliminados: 3
2026-09-10 07:18:49 [INFO]    [Calidad de Datos] Registros totales descartados: 17
2026-09-10 07:18:49 [INFO]    [Calidad de Datos] Registros válidos procesados: 4001
2026-09-10 07:18:49 [INFO] 3. [Carga] Exportando repositorio analítico hacia: 'data/processed/sismos_analitico.db'
2026-09-10 07:18:49 [INFO]    [Carga - Idempotencia] Tabla 'sismos' actualizada en 'sismos_analitico.db' con reescritura segura ('if_exists=replace').
2026-09-10 07:18:49 [INFO] === ETL COMPLETADO CON ÉXITO: Base de datos 'sismos_analitico.db' y archivo de auditoría actualizados. ===
2026-09-10 07:18:49 [INFO] ==========================================================

2026-09-10 18:13:02 [INFO] ==========================================================
2026-09-10 18:13:02 [INFO] === INICIO DE EJECUCIÓN DEL PIPELINE ETL ===
2026-09-10 18:13:02 [INFO] 1. [Ingesta] Extrayendo datos desde: 'data/raw/earthquakes_chile.csv'
2026-09-10 18:13:02 [INFO]    [Ingesta] Registros iniciales leídos: 4018
2026-09-10 18:13:02 [INFO] 2. [Transformación] Estandarizando variables y aplicando controles de calidad...
2026-09-10 18:13:02 [INFO]    [Calidad de Datos] Nulos eliminados: 0
2026-09-10 18:13:02 [INFO]    [Calidad de Datos] Duplicados eliminados: 3
2026-09-10 18:13:02 [INFO]    [Calidad de Datos] Registros totales descartados: 17
2026-09-10 18:13:02 [INFO]    [Calidad de Datos] Registros válidos procesados: 4001
2026-09-10 18:13:02 [INFO] 3. [Carga] Exportando repositorio analítico hacia: 'data/processed/sismos_analitico.db'
2026-09-10 18:13:02 [INFO]    [Carga - Idempotencia] Tabla 'sismos' actualizada en 'sismos_analitico.db' con reescritura segura ('if_exists=replace').
2026-09-10 18:13:02 [INFO] === ETL COMPLETADO CON ÉXITO: Base de datos 'sismos_analitico.db' y archivo de auditoría actualizados. ===
2026-09-10 18:13:02 [INFO] ==========================================================

2026-09-11 07:18:21 [INFO] ==========================================================
2026-09-11 07:18:21 [INFO] === INICIO DE EJECUCIÓN DEL PIPELINE ETL ===
2026-09-11 07:18:21 [INFO] 1. [Ingesta] Extrayendo datos desde: 'data/raw/earthquakes_chile.csv'
2026-09-11 07:18:21 [INFO]    [Ingesta] Registros iniciales leídos: 4018
2026-09-11 07:18:21 [INFO] 2. [Transformación] Estandarizando variables y aplicando controles de calidad...
2026-09-11 07:18:21 [INFO]    [Calidad de Datos] Nulos eliminados: 0
2026-09-11 07:18:21 [INFO]    [Calidad de Datos] Duplicados eliminados: 3
2026-09-11 07:18:21 [INFO]    [Calidad de Datos] Registros totales descartados: 17
2026-09-11 07:18:21 [INFO]    [Calidad de Datos] Registros válidos procesados: 4001
2026-09-11 07:18:21 [INFO] 3. [Carga] Exportando repositorio analítico hacia: 'data/processed/sismos_analitico.db'
2026-09-11 07:18:22 [INFO]    [Carga - Idempotencia] Tabla 'sismos' actualizada en 'sismos_analitico.db' con reescritura segura ('if_exists=replace').
2026-09-11 07:18:22 [INFO] === ETL COMPLETADO CON ÉXITO: Base de datos 'sismos_analitico.db' y archivo de auditoría actualizados. ===
2026-09-11 07:18:22 [INFO] ==========================================================

2026-09-12 06:51:00 [INFO] ==========================================================
2026-09-12 06:51:00 [INFO] === INICIO DE EJECUCIÓN DEL PIPELINE ETL ===
2026-09-12 06:51:00 [INFO] 1. [Ingesta] Extrayendo datos desde: 'data/raw/earthquakes_chile.csv'
2026-09-12 06:51:00 [INFO]    [Ingesta] Registros iniciales leídos: 4018
2026-09-12 06:51:00 [INFO] 2. [Transformación] Estandarizando variables y aplicando controles de calidad...
2026-09-12 06:51:00 [INFO]    [Calidad de Datos] Nulos eliminados: 0
2026-09-12 06:51:00 [INFO]    [Calidad de Datos] Duplicados eliminados: 3
2026-09-12 06:51:00 [INFO]    [Calidad de Datos] Registros totales descartados: 17
2026-09-12 06:51:00 [INFO]    [Calidad de Datos] Registros válidos procesados: 4001
2026-09-12 06:51:00 [INFO] 3. [Carga] Exportando repositorio analítico hacia: 'data/processed/sismos_analitico.db'
2026-09-12 06:51:00 [INFO]    [Carga - Idempotencia] Tabla 'sismos' actualizada en 'sismos_analitico.db' con reescritura segura ('if_exists=replace').
2026-09-12 06:51:00 [INFO] === ETL COMPLETADO CON ÉXITO: Base de datos 'sismos_analitico.db' y archivo de auditoría actualizados. ===
2026-09-12 06:51:00 [INFO] ==========================================================

2026-09-13 07:51:18 [INFO] ==========================================================
2026-09-13 07:51:18 [INFO] === INICIO DE EJECUCIÓN DEL PIPELINE ETL ===
2026-09-13 07:51:18 [INFO] 1. [Ingesta] Extrayendo datos desde: 'data/raw/earthquakes_chile.csv'
2026-09-13 07:51:18 [INFO]    [Ingesta] Registros iniciales leídos: 4018
2026-09-13 07:51:18 [INFO] 2. [Transformación] Estandarizando variables y aplicando controles de calidad...
2026-09-13 07:51:18 [INFO]    [Calidad de Datos] Nulos eliminados: 0
2026-09-13 07:51:18 [INFO]    [Calidad de Datos] Duplicados eliminados: 3
2026-09-13 07:51:18 [INFO]    [Calidad de Datos] Registros totales descartados: 17
2026-09-13 07:51:18 [INFO]    [Calidad de Datos] Registros válidos procesados: 4001
2026-09-13 07:51:18 [INFO] 3. [Carga] Exportando repositorio analítico hacia: 'data/processed/sismos_analitico.db'
2026-09-13 07:51:18 [INFO]    [Carga - Idempotencia] Tabla 'sismos' actualizada en 'sismos_analitico.db' con reescritura segura ('if_exists=replace').
2026-09-13 07:51:18 [INFO] === ETL COMPLETADO CON ÉXITO: Base de datos 'sismos_analitico.db' y archivo de auditoría actualizados. ===
2026-09-13 07:51:18 [INFO] ==========================================================

2026-09-14 08:19:38 [INFO] ==========================================================
2026-09-14 08:19:38 [INFO] === INICIO DE EJECUCIÓN DEL PIPELINE ETL ===
2026-09-14 08:19:38 [INFO] 1. [Ingesta] Extrayendo datos desde: 'data/raw/earthquakes_chile.csv'
2026-09-14 08:19:38 [INFO]    [Ingesta] Registros iniciales leídos: 4018
2026-09-14 08:19:38 [INFO] 2. [Transformación] Estandarizando variables y aplicando controles de calidad...
2026-09-14 08:19:38 [INFO]    [Calidad de Datos] Nulos eliminados: 0
2026-09-14 08:19:38 [INFO]    [Calidad de Datos] Duplicados eliminados: 3
2026-09-14 08:19:38 [INFO]    [Calidad de Datos] Registros totales descartados: 17
2026-09-14 08:19:38 [INFO]    [Calidad de Datos] Registros válidos procesados: 4001
2026-09-14 08:19:38 [INFO] 3. [Carga] Exportando repositorio analítico hacia: 'data/processed/sismos_analitico.db'
2026-09-14 08:19:38 [INFO]    [Carga - Idempotencia] Tabla 'sismos' actualizada en 'sismos_analitico.db' con reescritura segura ('if_exists=replace').
2026-09-14 08:19:38 [INFO] === ETL COMPLETADO CON ÉXITO: Base de datos 'sismos_analitico.db' y archivo de auditoría actualizados. ===
2026-09-14 08:19:38 [INFO] ==========================================================

2026-09-15 07:44:31 [INFO] ==========================================================
2026-09-15 07:44:31 [INFO] === INICIO DE EJECUCIÓN DEL PIPELINE ETL ===
2026-09-15 07:44:31 [INFO] 1. [Ingesta] Extrayendo datos desde: 'data/raw/earthquakes_chile.csv'
2026-09-15 07:44:31 [INFO]    [Ingesta] Registros iniciales leídos: 4018
2026-09-15 07:44:31 [INFO] 2. [Transformación] Estandarizando variables y aplicando controles de calidad...
2026-09-15 07:44:31 [INFO]    [Calidad de Datos] Nulos eliminados: 0
2026-09-15 07:44:31 [INFO]    [Calidad de Datos] Duplicados eliminados: 3
2026-09-15 07:44:31 [INFO]    [Calidad de Datos] Registros totales descartados: 17
2026-09-15 07:44:31 [INFO]    [Calidad de Datos] Registros válidos procesados: 4001
2026-09-15 07:44:31 [INFO] 3. [Carga] Exportando repositorio analítico hacia: 'data/processed/sismos_analitico.db'
2026-09-15 07:44:31 [INFO]    [Carga - Idempotencia] Tabla 'sismos' actualizada en 'sismos_analitico.db' con reescritura segura ('if_exists=replace').
2026-09-15 07:44:31 [INFO] === ETL COMPLETADO CON ÉXITO: Base de datos 'sismos_analitico.db' y archivo de auditoría actualizados. ===
2026-09-15 07:44:31 [INFO] ==========================================================

2026-09-16 07:32:55 [INFO] ==========================================================
2026-09-16 07:32:55 [INFO] === INICIO DE EJECUCIÓN DEL PIPELINE ETL ===
2026-09-16 07:32:55 [INFO] 1. [Ingesta] Extrayendo datos desde: 'data/raw/earthquakes_chile.csv'
2026-09-16 07:32:55 [INFO]    [Ingesta] Registros iniciales leídos: 4018
2026-09-16 07:32:55 [INFO] 2. [Transformación] Estandarizando variables y aplicando controles de calidad...
2026-09-16 07:32:55 [INFO]    [Calidad de Datos] Nulos eliminados: 0
2026-09-16 07:32:55 [INFO]    [Calidad de Datos] Duplicados eliminados: 3
2026-09-16 07:32:55 [INFO]    [Calidad de Datos] Registros totales descartados: 17
2026-09-16 07:32:55 [INFO]    [Calidad de Datos] Registros válidos procesados: 4001
2026-09-16 07:32:55 [INFO] 3. [Carga] Exportando repositorio analítico hacia: 'data/processed/sismos_analitico.db'
2026-09-16 07:32:55 [INFO]    [Carga - Idempotencia] Tabla 'sismos' actualizada en 'sismos_analitico.db' con reescritura segura ('if_exists=replace').
2026-09-16 07:32:55 [INFO] === ETL COMPLETADO CON ÉXITO: Base de datos 'sismos_analitico.db' y archivo de auditoría actualizados. ===
2026-09-16 07:32:55 [INFO] ==========================================================

2026-09-17 07:42:57 [INFO] ==========================================================
2026-09-17 07:42:57 [INFO] === INICIO DE EJECUCIÓN DEL PIPELINE ETL ===
2026-09-17 07:42:57 [INFO] 1. [Ingesta] Extrayendo datos desde: 'data/raw/earthquakes_chile.csv'
2026-09-17 07:42:57 [INFO]    [Ingesta] Registros iniciales leídos: 4018
2026-09-17 07:42:57 [INFO] 2. [Transformación] Estandarizando variables y aplicando controles de calidad...
2026-09-17 07:42:57 [INFO]    [Calidad de Datos] Nulos eliminados: 0
2026-09-17 07:42:57 [INFO]    [Calidad de Datos] Duplicados eliminados: 3
2026-09-17 07:42:57 [INFO]    [Calidad de Datos] Registros totales descartados: 17
2026-09-17 07:42:57 [INFO]    [Calidad de Datos] Registros válidos procesados: 4001
2026-09-17 07:42:57 [INFO] 3. [Carga] Exportando repositorio analítico hacia: 'data/processed/sismos_analitico.db'
2026-09-17 07:42:57 [INFO]    [Carga - Idempotencia] Tabla 'sismos' actualizada en 'sismos_analitico.db' con reescritura segura ('if_exists=replace').
2026-09-17 07:42:57 [INFO] === ETL COMPLETADO CON ÉXITO: Base de datos 'sismos_analitico.db' y archivo de auditoría actualizados. ===
2026-09-17 07:42:57 [INFO] ==========================================================

2026-09-18 07:18:17 [INFO] ==========================================================
2026-09-18 07:18:17 [INFO] === INICIO DE EJECUCIÓN DEL PIPELINE ETL ===
2026-09-18 07:18:17 [INFO] 1. [Ingesta] Extrayendo datos desde: 'data/raw/earthquakes_chile.csv'
2026-09-18 07:18:17 [INFO]    [Ingesta] Registros iniciales leídos: 4018
2026-09-18 07:18:17 [INFO] 2. [Transformación] Estandarizando variables y aplicando controles de calidad...
2026-09-18 07:18:17 [INFO]    [Calidad de Datos] Nulos eliminados: 0
2026-09-18 07:18:17 [INFO]    [Calidad de Datos] Duplicados eliminados: 3
2026-09-18 07:18:17 [INFO]    [Calidad de Datos] Registros totales descartados: 17
2026-09-18 07:18:17 [INFO]    [Calidad de Datos] Registros válidos procesados: 4001
2026-09-18 07:18:17 [INFO] 3. [Carga] Exportando repositorio analítico hacia: 'data/processed/sismos_analitico.db'
2026-09-18 07:18:17 [INFO]    [Carga - Idempotencia] Tabla 'sismos' actualizada en 'sismos_analitico.db' con reescritura segura ('if_exists=replace').
2026-09-18 07:18:17 [INFO] === ETL COMPLETADO CON ÉXITO: Base de datos 'sismos_analitico.db' y archivo de auditoría actualizados. ===
2026-09-18 07:18:17 [INFO] ==========================================================

2026-09-19 07:00:34 [INFO] ==========================================================
2026-09-19 07:00:34 [INFO] === INICIO DE EJECUCIÓN DEL PIPELINE ETL ===
2026-09-19 07:00:34 [INFO] 1. [Ingesta] Extrayendo datos desde: 'data/raw/earthquakes_chile.csv'
2026-09-19 07:00:34 [INFO]    [Ingesta] Registros iniciales leídos: 4018
2026-09-19 07:00:34 [INFO] 2. [Transformación] Estandarizando variables y aplicando controles de calidad...
2026-09-19 07:00:35 [INFO]    [Calidad de Datos] Nulos eliminados: 0
2026-09-19 07:00:35 [INFO]    [Calidad de Datos] Duplicados eliminados: 3
2026-09-19 07:00:35 [INFO]    [Calidad de Datos] Registros totales descartados: 17
2026-09-19 07:00:35 [INFO]    [Calidad de Datos] Registros válidos procesados: 4001
2026-09-19 07:00:35 [INFO] 3. [Carga] Exportando repositorio analítico hacia: 'data/processed/sismos_analitico.db'
2026-09-19 07:00:35 [INFO]    [Carga - Idempotencia] Tabla 'sismos' actualizada en 'sismos_analitico.db' con reescritura segura ('if_exists=replace').
2026-09-19 07:00:35 [INFO] === ETL COMPLETADO CON ÉXITO: Base de datos 'sismos_analitico.db' y archivo de auditoría actualizados. ===
2026-09-19 07:00:35 [INFO] ==========================================================

2026-09-20 07:20:44 [INFO] ==========================================================
2026-09-20 07:20:44 [INFO] === INICIO DE EJECUCIÓN DEL PIPELINE ETL ===
2026-09-20 07:20:44 [INFO] 1. [Ingesta] Extrayendo datos desde: 'data/raw/earthquakes_chile.csv'
2026-09-20 07:20:44 [INFO]    [Ingesta] Registros iniciales leídos: 4018
2026-09-20 07:20:44 [INFO] 2. [Transformación] Estandarizando variables y aplicando controles de calidad...
2026-09-20 07:20:44 [INFO]    [Calidad de Datos] Nulos eliminados: 0
2026-09-20 07:20:44 [INFO]    [Calidad de Datos] Duplicados eliminados: 3
2026-09-20 07:20:44 [INFO]    [Calidad de Datos] Registros totales descartados: 17
2026-09-20 07:20:44 [INFO]    [Calidad de Datos] Registros válidos procesados: 4001
2026-09-20 07:20:44 [INFO] 3. [Carga] Exportando repositorio analítico hacia: 'data/processed/sismos_analitico.db'
2026-09-20 07:20:44 [INFO]    [Carga - Idempotencia] Tabla 'sismos' actualizada en 'sismos_analitico.db' con reescritura segura ('if_exists=replace').
2026-09-20 07:20:44 [INFO] === ETL COMPLETADO CON ÉXITO: Base de datos 'sismos_analitico.db' y archivo de auditoría actualizados. ===
2026-09-20 07:20:44 [INFO] ==========================================================

2026-09-21 08:33:06 [INFO] ==========================================================
2026-09-21 08:33:06 [INFO] === INICIO DE EJECUCIÓN DEL PIPELINE ETL ===
2026-09-21 08:33:06 [INFO] 1. [Ingesta] Extrayendo datos desde: 'data/raw/earthquakes_chile.csv'
2026-09-21 08:33:06 [INFO]    [Ingesta] Registros iniciales leídos: 4018
2026-09-21 08:33:06 [INFO] 2. [Transformación] Estandarizando variables y aplicando controles de calidad...
2026-09-21 08:33:06 [INFO]    [Calidad de Datos] Nulos eliminados: 0
2026-09-21 08:33:06 [INFO]    [Calidad de Datos] Duplicados eliminados: 3
2026-09-21 08:33:06 [INFO]    [Calidad de Datos] Registros totales descartados: 17
2026-09-21 08:33:06 [INFO]    [Calidad de Datos] Registros válidos procesados: 4001
2026-09-21 08:33:06 [INFO] 3. [Carga] Exportando repositorio analítico hacia: 'data/processed/sismos_analitico.db'
2026-09-21 08:33:06 [INFO]    [Carga - Idempotencia] Tabla 'sismos' actualizada en 'sismos_analitico.db' con reescritura segura ('if_exists=replace').
2026-09-21 08:33:06 [INFO] === ETL COMPLETADO CON ÉXITO: Base de datos 'sismos_analitico.db' y archivo de auditoría actualizados. ===
2026-09-21 08:33:06 [INFO] ==========================================================

2026-09-22 07:39:27 [INFO] ==========================================================
2026-09-22 07:39:27 [INFO] === INICIO DE EJECUCIÓN DEL PIPELINE ETL ===
2026-09-22 07:39:27 [INFO] 1. [Ingesta] Extrayendo datos desde: 'data/raw/earthquakes_chile.csv'
2026-09-22 07:39:27 [INFO]    [Ingesta] Registros iniciales leídos: 4018
2026-09-22 07:39:27 [INFO] 2. [Transformación] Estandarizando variables y aplicando controles de calidad...
2026-09-22 07:39:27 [INFO]    [Calidad de Datos] Nulos eliminados: 0
2026-09-22 07:39:27 [INFO]    [Calidad de Datos] Duplicados eliminados: 3
2026-09-22 07:39:27 [INFO]    [Calidad de Datos] Registros totales descartados: 17
2026-09-22 07:39:27 [INFO]    [Calidad de Datos] Registros válidos procesados: 4001
2026-09-22 07:39:27 [INFO] 3. [Carga] Exportando repositorio analítico hacia: 'data/processed/sismos_analitico.db'
2026-09-22 07:39:27 [INFO]    [Carga - Idempotencia] Tabla 'sismos' actualizada en 'sismos_analitico.db' con reescritura segura ('if_exists=replace').
2026-09-22 07:39:27 [INFO] === ETL COMPLETADO CON ÉXITO: Base de datos 'sismos_analitico.db' y archivo de auditoría actualizados. ===
2026-09-22 07:39:27 [INFO] ==========================================================

2026-09-23 07:31:29 [INFO] ==========================================================
2026-09-23 07:31:29 [INFO] === INICIO DE EJECUCIÓN DEL PIPELINE ETL ===
2026-09-23 07:31:29 [INFO] 1. [Ingesta] Extrayendo datos desde: 'data/raw/earthquakes_chile.csv'
2026-09-23 07:31:29 [INFO]    [Ingesta] Registros iniciales leídos: 4018
2026-09-23 07:31:29 [INFO] 2. [Transformación] Estandarizando variables y aplicando controles de calidad...
2026-09-23 07:31:29 [INFO]    [Calidad de Datos] Nulos eliminados: 0
2026-09-23 07:31:29 [INFO]    [Calidad de Datos] Duplicados eliminados: 3
2026-09-23 07:31:29 [INFO]    [Calidad de Datos] Registros totales descartados: 17
2026-09-23 07:31:29 [INFO]    [Calidad de Datos] Registros válidos procesados: 4001
2026-09-23 07:31:29 [INFO] 3. [Carga] Exportando repositorio analítico hacia: 'data/processed/sismos_analitico.db'
2026-09-23 07:31:29 [INFO]    [Carga - Idempotencia] Tabla 'sismos' actualizada en 'sismos_analitico.db' con reescritura segura ('if_exists=replace').
2026-09-23 07:31:29 [INFO] === ETL COMPLETADO CON ÉXITO: Base de datos 'sismos_analitico.db' y archivo de auditoría actualizados. ===
2026-09-23 07:31:29 [INFO] ==========================================================

2026-09-24 07:49:02 [INFO] ==========================================================
2026-09-24 07:49:02 [INFO] === INICIO DE EJECUCIÓN DEL PIPELINE ETL ===
2026-09-24 07:49:02 [INFO] 1. [Ingesta] Extrayendo datos desde: 'data/raw/earthquakes_chile.csv'
2026-09-24 07:49:02 [INFO]    [Ingesta] Registros iniciales leídos: 4018
2026-09-24 07:49:02 [INFO] 2. [Transformación] Estandarizando variables y aplicando controles de calidad...
2026-09-24 07:49:02 [INFO]    [Calidad de Datos] Nulos eliminados: 0
2026-09-24 07:49:02 [INFO]    [Calidad de Datos] Duplicados eliminados: 3
2026-09-24 07:49:02 [INFO]    [Calidad de Datos] Registros totales descartados: 17
2026-09-24 07:49:02 [INFO]    [Calidad de Datos] Registros válidos procesados: 4001
2026-09-24 07:49:02 [INFO] 3. [Carga] Exportando repositorio analítico hacia: 'data/processed/sismos_analitico.db'
2026-09-24 07:49:02 [INFO]    [Carga - Idempotencia] Tabla 'sismos' actualizada en 'sismos_analitico.db' con reescritura segura ('if_exists=replace').
2026-09-24 07:49:02 [INFO] === ETL COMPLETADO CON ÉXITO: Base de datos 'sismos_analitico.db' y archivo de auditoría actualizados. ===
2026-09-24 07:49:02 [INFO] ==========================================================

2026-09-25 07:52:52 [INFO] ==========================================================
2026-09-25 07:52:52 [INFO] === INICIO DE EJECUCIÓN DEL PIPELINE ETL ===
2026-09-25 07:52:52 [INFO] 1. [Ingesta] Extrayendo datos desde: 'data/raw/earthquakes_chile.csv'
2026-09-25 07:52:52 [INFO]    [Ingesta] Registros iniciales leídos: 4018
2026-09-25 07:52:52 [INFO] 2. [Transformación] Estandarizando variables y aplicando controles de calidad...
2026-09-25 07:52:52 [INFO]    [Calidad de Datos] Nulos eliminados: 0
2026-09-25 07:52:52 [INFO]    [Calidad de Datos] Duplicados eliminados: 3
2026-09-25 07:52:52 [INFO]    [Calidad de Datos] Registros totales descartados: 17
2026-09-25 07:52:52 [INFO]    [Calidad de Datos] Registros válidos procesados: 4001
2026-09-25 07:52:52 [INFO] 3. [Carga] Exportando repositorio analítico hacia: 'data/processed/sismos_analitico.db'
2026-09-25 07:52:52 [INFO]    [Carga - Idempotencia] Tabla 'sismos' actualizada en 'sismos_analitico.db' con reescritura segura ('if_exists=replace').
2026-09-25 07:52:52 [INFO] === ETL COMPLETADO CON ÉXITO: Base de datos 'sismos_analitico.db' y archivo de auditoría actualizados. ===
2026-09-25 07:52:52 [INFO] ==========================================================

2026-09-26 07:33:38 [INFO] ==========================================================
2026-09-26 07:33:38 [INFO] === INICIO DE EJECUCIÓN DEL PIPELINE ETL ===
2026-09-26 07:33:38 [INFO] 1. [Ingesta] Extrayendo datos desde: 'data/raw/earthquakes_chile.csv'
2026-09-26 07:33:38 [INFO]    [Ingesta] Registros iniciales leídos: 4018
2026-09-26 07:33:38 [INFO] 2. [Transformación] Estandarizando variables y aplicando controles de calidad...
2026-09-26 07:33:38 [INFO]    [Calidad de Datos] Nulos eliminados: 0
2026-09-26 07:33:38 [INFO]    [Calidad de Datos] Duplicados eliminados: 3
2026-09-26 07:33:38 [INFO]    [Calidad de Datos] Registros totales descartados: 17
2026-09-26 07:33:38 [INFO]    [Calidad de Datos] Registros válidos procesados: 4001
2026-09-26 07:33:38 [INFO] 3. [Carga] Exportando repositorio analítico hacia: 'data/processed/sismos_analitico.db'
2026-09-26 07:33:38 [INFO]    [Carga - Idempotencia] Tabla 'sismos' actualizada en 'sismos_analitico.db' con reescritura segura ('if_exists=replace').
2026-09-26 07:33:38 [INFO] === ETL COMPLETADO CON ÉXITO: Base de datos 'sismos_analitico.db' y archivo de auditoría actualizados. ===
2026-09-26 07:33:38 [INFO] ==========================================================

